{"time":"2939","2":{"ans":"a","status":"SAVED"},"49":{"ans":"b","status":"SAVED"},"91":{"ans":"a","status":"SAVED"},"95":{"ans":"d","status":"SAVED"},"35":{"ans":"c","status":"SAVED"},"52":{"ans":"b","status":"SAVED"},"74":{"ans":"a","status":"SAVED"},"41":{"ans":"c","status":"SAVED"},"60":{"ans":"b","status":"SAVED"},"81":{"ans":"a","status":"SAVED"},"42":{"ans":"b","status":"SAVED"},"25":{"ans":"c","status":"SAVED"},"3":{"ans":"c","status":"SAVED"},"99":{"ans":"b","status":"SAVED"},"40":{"ans":"c","status":"SAVED"},"26":{"ans":"d","status":"SAVED"},"87":{"ans":"d","status":"SAVED"},"15":{"ans":"b","status":"SAVED"},"17":{"ans":"d","status":"SAVED"},"11":{"ans":"d","status":"SAVED"},"89":{"ans":"a","status":"SAVED"},"13":{"ans":"d","status":"SAVED"},"97":{"ans":"c","status":"SAVED"},"63":{"ans":"c","status":"SAVED"},"24":{"ans":"a","status":"SAVED"},"9":{"ans":"d","status":"SAVED"}}